
> control-caducidades-server@1.0.0 test
> jest tests/auth_security.test.js

[14-12-2025 19:37:59] [32mINFO[39m: [36mModelo de Usuario configurado exitosamente[39m
FAIL tests/auth_security.test.js
  Auth Security
    Rate Limiting
      √ should block after 5 failed attempts (418 ms)
    Token Validation
      √ should reject expired tokens (62 ms)
      √ should reject invalid/malformed tokens (5 ms)
      × should reject token with valid signature but non-existent user (2 ms)

  ● Auth Security › Token Validation › should reject token with valid signature but non-existent user

    TypeError: require is not a constructor

    [0m [90m 109 |[39m             [90m// Valid signature, but random ID[39m
     [90m 110 |[39m             [36mconst[39m token [33m=[39m jwt[33m.[39msign(
    [31m[1m>[22m[39m[90m 111 |[39m                 { id[33m:[39m [36mnew[39m require([32m'mongoose'[39m)[33m.[39m[33mTypes[39m[33m.[39m[33mObjectId[39m() }[33m,[39m 
     [90m     |[39m                       [31m[1m^[22m[39m
     [90m 112 |[39m                 process[33m.[39menv[33m.[39m[33mJWT_SECRET[39m[33m,[39m 
     [90m 113 |[39m                 { expiresIn[33m:[39m [32m'1h'[39m }
     [90m 114 |[39m             )[33m;[39m[0m

      at Object.<anonymous> (tests/auth_security.test.js:111:23)

--------------------|---------|----------|---------|---------|----------------------------------------------------------------
File                | % Stmts | % Branch | % Funcs | % Lines | Uncovered Line #s                                              
--------------------|---------|----------|---------|---------|----------------------------------------------------------------
All files           |   38.13 |     12.9 |   36.84 |   38.62 |                                                                
 server             |     100 |      100 |     100 |     100 |                                                                
  logger.js         |     100 |      100 |     100 |     100 |                                                                
 server/controllers |   15.67 |     7.04 |    12.5 |   16.03 |                                                                
  authController.js |   15.67 |     7.04 |    12.5 |   16.03 | 13-14,22-23,37-67,73-81,89-121,129-143,151-218,226-266,274-320 
 server/middleware  |   43.24 |    18.75 |   33.33 |   43.24 |                                                                
  auth.js           |   43.24 |    18.75 |   33.33 |   43.24 | 13-14,22-31,49-63,68-82                                        
 server/models      |   63.33 |       50 |      50 |   63.33 |                                                                
  Restaurant.js     |     100 |      100 |     100 |     100 |                                                                
  User.js           |   59.25 |       50 |      50 |   59.25 | 56,64-65,71-75,81-84                                           
 server/routes      |   93.33 |      100 |       0 |   93.33 |                                                                
  authRoutes.js     |   93.33 |      100 |       0 |   93.33 | 8                                                              
 server/tests       |     100 |       50 |     100 |     100 |                                                                
  db.js             |     100 |       50 |     100 |     100 | 18                                                             
--------------------|---------|----------|---------|---------|----------------------------------------------------------------
Test Suites: 1 failed, 1 total
Tests:       1 failed, 3 passed, 4 total
Snapshots:   0 total
Time:        1.929 s, estimated 2 s
Ran all test suites matching tests/auth_security.test.js.
[14-12-2025 19:38:00] [32mINFO[39m: [36mIntento de login para el usuario: SecUser[39m
[14-12-2025 19:38:00] [33mWARN[39m: [36mIntento de login con contraseña incorrecta para: SecUser[39m
[14-12-2025 19:38:00] [32mINFO[39m: [36mIntento de login para el usuario: SecUser[39m
[14-12-2025 19:38:00] [33mWARN[39m: [36mIntento de login con contraseña incorrecta para: SecUser[39m
[14-12-2025 19:38:00] [32mINFO[39m: [36mIntento de login para el usuario: SecUser[39m
[14-12-2025 19:38:00] [33mWARN[39m: [36mIntento de login con contraseña incorrecta para: SecUser[39m
[14-12-2025 19:38:00] [32mINFO[39m: [36mIntento de login para el usuario: SecUser[39m
[14-12-2025 19:38:00] [33mWARN[39m: [36mIntento de login con contraseña incorrecta para: SecUser[39m
[14-12-2025 19:38:00] [32mINFO[39m: [36mIntento de login para el usuario: SecUser[39m
[14-12-2025 19:38:00] [33mWARN[39m: [36mIntento de login con contraseña incorrecta para: SecUser[39m
[14-12-2025 19:38:00] [33mWARN[39m: [36mError al verificar token[39m
    error: {
      "name": "TokenExpiredError",
      "message": "jwt expired",
      "expiredAt": "2025-12-14T18:37:59.000Z"
    }
[14-12-2025 19:38:00] [33mWARN[39m: [36mError al verificar token[39m
    error: {
      "name": "JsonWebTokenError",
      "message": "invalid token"
    }
